// Jest Snapshot v1, https://jestjs.io/docs/snapshot-testing

exports[`DailyAWSCostReportStack (all props) Should match snapshot 1`] = `
{
  "Mappings": {
    "ParamsandsecretslayerMap": {
      "af-south-1": {
        "1x0x103xarm64": "arn:aws:lambda:af-south-1:317013901791:layer:AWS-Parameters-and-Secrets-Lambda-Extension-Arm64:1",
      },
      "ap-east-1": {
        "1x0x103xarm64": "arn:aws:lambda:ap-east-1:768336418462:layer:AWS-Parameters-and-Secrets-Lambda-Extension-Arm64:1",
      },
      "ap-northeast-1": {
        "1x0x103xarm64": "arn:aws:lambda:ap-northeast-1:133490724326:layer:AWS-Parameters-and-Secrets-Lambda-Extension-Arm64:4",
      },
      "ap-northeast-2": {
        "1x0x103xarm64": "arn:aws:lambda:ap-northeast-2:738900069198:layer:AWS-Parameters-and-Secrets-Lambda-Extension-Arm64:1",
      },
      "ap-south-1": {
        "1x0x103xarm64": "arn:aws:lambda:ap-south-1:176022468876:layer:AWS-Parameters-and-Secrets-Lambda-Extension-Arm64:4",
      },
      "ap-southeast-1": {
        "1x0x103xarm64": "arn:aws:lambda:ap-southeast-1:044395824272:layer:AWS-Parameters-and-Secrets-Lambda-Extension-Arm64:4",
      },
      "ap-southeast-2": {
        "1x0x103xarm64": "arn:aws:lambda:ap-southeast-2:665172237481:layer:AWS-Parameters-and-Secrets-Lambda-Extension-Arm64:4",
      },
      "ap-southeast-3": {
        "1x0x103xarm64": "arn:aws:lambda:ap-southeast-3:490737872127:layer:AWS-Parameters-and-Secrets-Lambda-Extension-Arm64:1",
      },
      "ca-central-1": {
        "1x0x103xarm64": "arn:aws:lambda:ca-central-1:200266452380:layer:AWS-Parameters-and-Secrets-Lambda-Extension-Arm64:1",
      },
      "eu-central-1": {
        "1x0x103xarm64": "arn:aws:lambda:eu-central-1:187925254637:layer:AWS-Parameters-and-Secrets-Lambda-Extension-Arm64:4",
      },
      "eu-north-1": {
        "1x0x103xarm64": "arn:aws:lambda:eu-north-1:427196147048:layer:AWS-Parameters-and-Secrets-Lambda-Extension-Arm64:1",
      },
      "eu-south-1": {
        "1x0x103xarm64": "arn:aws:lambda:eu-south-1:325218067255:layer:AWS-Parameters-and-Secrets-Lambda-Extension-Arm64:1",
      },
      "eu-west-1": {
        "1x0x103xarm64": "arn:aws:lambda:eu-west-1:015030872274:layer:AWS-Parameters-and-Secrets-Lambda-Extension-Arm64:4",
      },
      "eu-west-2": {
        "1x0x103xarm64": "arn:aws:lambda:eu-west-2:133256977650:layer:AWS-Parameters-and-Secrets-Lambda-Extension-Arm64:4",
      },
      "eu-west-3": {
        "1x0x103xarm64": "arn:aws:lambda:eu-west-3:780235371811:layer:AWS-Parameters-and-Secrets-Lambda-Extension-Arm64:1",
      },
      "me-south-1": {
        "1x0x103xarm64": "arn:aws:lambda:me-south-1:832021897121:layer:AWS-Parameters-and-Secrets-Lambda-Extension-Arm64:1",
      },
      "sa-east-1": {
        "1x0x103xarm64": "arn:aws:lambda:sa-east-1:933737806257:layer:AWS-Parameters-and-Secrets-Lambda-Extension-Arm64:1",
      },
      "us-east-1": {
        "1x0x103xarm64": "arn:aws:lambda:us-east-1:177933569100:layer:AWS-Parameters-and-Secrets-Lambda-Extension-Arm64:4",
      },
      "us-east-2": {
        "1x0x103xarm64": "arn:aws:lambda:us-east-2:590474943231:layer:AWS-Parameters-and-Secrets-Lambda-Extension-Arm64:4",
      },
      "us-west-1": {
        "1x0x103xarm64": "arn:aws:lambda:us-west-1:997803712105:layer:AWS-Parameters-and-Secrets-Lambda-Extension-Arm64:1",
      },
      "us-west-2": {
        "1x0x103xarm64": "arn:aws:lambda:us-west-2:345057560386:layer:AWS-Parameters-and-Secrets-Lambda-Extension-Arm64:4",
      },
    },
  },
  "Parameters": {
    "BootstrapVersion": {
      "Default": "/cdk-bootstrap/hnb659fds/version",
      "Description": "Version of the CDK Bootstrap resources in this environment, automatically retrieved from SSM Parameter Store. [cdk:skip]",
      "Type": "AWS::SSM::Parameter::Value<String>",
    },
  },
  "Resources": {
    "DailyAWSCostReporterCostReportFunction8695F978": {
      "DependsOn": [
        "DailyAWSCostReporterCostReportFunctionRoleDefaultPolicy38392DB9",
        "DailyAWSCostReporterCostReportFunctionRoleFF8540BC",
      ],
      "Properties": {
        "Architectures": [
          "arm64",
        ],
        "Code": {
          "S3Bucket": {
            "Fn::Sub": "cdk-hnb659fds-assets-\${AWS::AccountId}-\${AWS::Region}",
          },
          "S3Key": "00ca20c7c9b48cdf9f131b4f8091a7bc7fe38693c1646111eeac5ac53e0f0a51.zip",
        },
        "Description": "A function to report daily cost.",
        "DurableConfig": {
          "ExecutionTimeout": 7200,
          "RetentionPeriodInDays": 1,
        },
        "Environment": {
          "Variables": {
            "AWS_NODEJS_CONNECTION_REUSE_ENABLED": "1",
            "PARAMETERS_SECRETS_EXTENSION_CACHE_ENABLED": "true",
            "PARAMETERS_SECRETS_EXTENSION_CACHE_SIZE": "500",
            "PARAMETERS_SECRETS_EXTENSION_HTTP_PORT": "2773",
            "PARAMETERS_SECRETS_EXTENSION_LOG_LEVEL": "info",
            "PARAMETERS_SECRETS_EXTENSION_MAX_CONNECTIONS": "3",
            "SECRETS_MANAGER_TIMEOUT_MILLIS": "0",
            "SECRETS_MANAGER_TTL": "300",
            "SLACK_SECRET_NAME": "example/slack/webhook",
            "SSM_PARAMETER_STORE_TIMEOUT_MILLIS": "0",
            "SSM_PARAMETER_STORE_TTL": "300",
          },
        },
        "Handler": "index.handler",
        "Layers": [
          {
            "Fn::FindInMap": [
              "ParamsandsecretslayerMap",
              {
                "Ref": "AWS::Region",
              },
              "1x0x103xarm64",
            ],
          },
        ],
        "LoggingConfig": {
          "ApplicationLogLevel": "INFO",
          "LogFormat": "JSON",
          "LogGroup": {
            "Ref": "DailyAWSCostReporterCostReportFunctionLogGroupED5F3F67",
          },
          "SystemLogLevel": "INFO",
        },
        "MemorySize": 512,
        "Role": {
          "Fn::GetAtt": [
            "DailyAWSCostReporterCostReportFunctionRoleFF8540BC",
            "Arn",
          ],
        },
        "Runtime": "nodejs24.x",
        "Timeout": 900,
      },
      "Type": "AWS::Lambda::Function",
    },
    "DailyAWSCostReporterCostReportFunctionAliasliveD96EB484": {
      "Properties": {
        "FunctionName": {
          "Ref": "DailyAWSCostReporterCostReportFunction8695F978",
        },
        "FunctionVersion": {
          "Fn::GetAtt": [
            "DailyAWSCostReporterCostReportFunctionCurrentVersion28AADFA553cd661cb1492619f1233d4c706e68e9",
            "Version",
          ],
        },
        "Name": "live",
      },
      "Type": "AWS::Lambda::Alias",
    },
    "DailyAWSCostReporterCostReportFunctionCurrentVersion28AADFA553cd661cb1492619f1233d4c706e68e9": {
      "Metadata": {
        "aws:cdk:do-not-refactor": true,
      },
      "Properties": {
        "FunctionName": {
          "Ref": "DailyAWSCostReporterCostReportFunction8695F978",
        },
      },
      "Type": "AWS::Lambda::Version",
    },
    "DailyAWSCostReporterCostReportFunctionEventInvokeConfig1FA2BBBC": {
      "Properties": {
        "FunctionName": {
          "Ref": "DailyAWSCostReporterCostReportFunction8695F978",
        },
        "MaximumRetryAttempts": 2,
        "Qualifier": "$LATEST",
      },
      "Type": "AWS::Lambda::EventInvokeConfig",
    },
    "DailyAWSCostReporterCostReportFunctionLogGroupED5F3F67": {
      "DeletionPolicy": "Delete",
      "Properties": {
        "RetentionInDays": 90,
      },
      "Type": "AWS::Logs::LogGroup",
      "UpdateReplacePolicy": "Delete",
    },
    "DailyAWSCostReporterCostReportFunctionRoleDefaultPolicy38392DB9": {
      "Properties": {
        "PolicyDocument": {
          "Statement": [
            {
              "Action": "ce:GetCostAndUsage",
              "Effect": "Allow",
              "Resource": "*",
              "Sid": "GetCost",
            },
            {
              "Action": [
                "secretsmanager:GetSecretValue",
                "secretsmanager:DescribeSecret",
              ],
              "Effect": "Allow",
              "Resource": {
                "Fn::Join": [
                  "",
                  [
                    "arn:",
                    {
                      "Ref": "AWS::Partition",
                    },
                    ":secretsmanager:",
                    {
                      "Ref": "AWS::Region",
                    },
                    ":",
                    {
                      "Ref": "AWS::AccountId",
                    },
                    ":secret:example/slack/webhook-??????",
                  ],
                ],
              },
            },
          ],
          "Version": "2012-10-17",
        },
        "PolicyName": "DailyAWSCostReporterCostReportFunctionRoleDefaultPolicy38392DB9",
        "Roles": [
          {
            "Ref": "DailyAWSCostReporterCostReportFunctionRoleFF8540BC",
          },
        ],
      },
      "Type": "AWS::IAM::Policy",
    },
    "DailyAWSCostReporterCostReportFunctionRoleFF8540BC": {
      "Properties": {
        "AssumeRolePolicyDocument": {
          "Statement": [
            {
              "Action": "sts:AssumeRole",
              "Effect": "Allow",
              "Principal": {
                "Service": "lambda.amazonaws.com",
              },
            },
          ],
          "Version": "2012-10-17",
        },
        "Description": "A role to report daily cost.",
        "ManagedPolicyArns": [
          {
            "Fn::Join": [
              "",
              [
                "arn:",
                {
                  "Ref": "AWS::Partition",
                },
                ":iam::aws:policy/service-role/AWSLambdaBasicExecutionRole",
              ],
            ],
          },
          {
            "Fn::Join": [
              "",
              [
                "arn:",
                {
                  "Ref": "AWS::Partition",
                },
                ":iam::aws:policy/service-role/AWSLambdaBasicDurableExecutionRolePolicy",
              ],
            ],
          },
        ],
      },
      "Type": "AWS::IAM::Role",
    },
    "DailyAWSCostReporterLogArchiveScheduleFEE0777A": {
      "Properties": {
        "Description": "daily CloudWatch Logs archive schedule",
        "FlexibleTimeWindow": {
          "Mode": "OFF",
        },
        "ScheduleExpression": "cron(9 9 * * ? *)",
        "ScheduleExpressionTimezone": "Etc/UTC",
        "State": "ENABLED",
        "Target": {
          "Arn": {
            "Ref": "DailyAWSCostReporterCostReportFunctionAliasliveD96EB484",
          },
          "Input": "{"type":"services"}",
          "RetryPolicy": {
            "MaximumEventAgeInSeconds": 86400,
            "MaximumRetryAttempts": 185,
          },
          "RoleArn": {
            "Fn::GetAtt": [
              "SchedulerRoleForTargetc601131A725464",
              "Arn",
            ],
          },
        },
      },
      "Type": "AWS::Scheduler::Schedule",
    },
    "SchedulerRoleForTargetc601131A725464": {
      "Properties": {
        "AssumeRolePolicyDocument": {
          "Statement": [
            {
              "Action": "sts:AssumeRole",
              "Condition": {
                "StringEquals": {
                  "aws:SourceAccount": {
                    "Ref": "AWS::AccountId",
                  },
                  "aws:SourceArn": {
                    "Fn::Join": [
                      "",
                      [
                        "arn:",
                        {
                          "Ref": "AWS::Partition",
                        },
                        ":scheduler:",
                        {
                          "Ref": "AWS::Region",
                        },
                        ":",
                        {
                          "Ref": "AWS::AccountId",
                        },
                        ":schedule-group/default",
                      ],
                    ],
                  },
                },
              },
              "Effect": "Allow",
              "Principal": {
                "Service": "scheduler.amazonaws.com",
              },
            },
          ],
          "Version": "2012-10-17",
        },
      },
      "Type": "AWS::IAM::Role",
    },
    "SchedulerRoleForTargetc60113DefaultPolicy1A6EFE3E": {
      "Properties": {
        "PolicyDocument": {
          "Statement": [
            {
              "Action": "lambda:InvokeFunction",
              "Effect": "Allow",
              "Resource": {
                "Ref": "DailyAWSCostReporterCostReportFunctionAliasliveD96EB484",
              },
            },
          ],
          "Version": "2012-10-17",
        },
        "PolicyName": "SchedulerRoleForTargetc60113DefaultPolicy1A6EFE3E",
        "Roles": [
          {
            "Ref": "SchedulerRoleForTargetc601131A725464",
          },
        ],
      },
      "Type": "AWS::IAM::Policy",
    },
  },
  "Rules": {
    "CheckBootstrapVersion": {
      "Assertions": [
        {
          "Assert": {
            "Fn::Not": [
              {
                "Fn::Contains": [
                  [
                    "1",
                    "2",
                    "3",
                    "4",
                    "5",
                  ],
                  {
                    "Ref": "BootstrapVersion",
                  },
                ],
              },
            ],
          },
          "AssertDescription": "CDK bootstrap stack version 6 required. Please run 'cdk bootstrap' with a recent version of the CDK CLI.",
        },
      ],
    },
  },
}
`;
